Clock: clk
Sources: clk 
Generated: no
Virtual: no
Propagated: no
Period: 100.000000

===========================================================================
report_clock_properties
============================================================================
Clock                   Period          Waveform
----------------------------------------------------
clk                 100.000000    0.000000 50.000000

===========================================================================
report_clock_latency
============================================================================
Clock clk
rise -> rise
    min     max
0.000000 0.000000 source latency
10.734919         network latency axel_f.buffer[0][0]_sky130_fd_sc_hd__dfxtp_2_Q/CLK
        10.734919 network latency axel_f.buffer[0][0]_sky130_fd_sc_hd__dfxtp_2_Q/CLK
---------------
10.734919 10.734919 latency
        0.000000 skew

fall -> fall
    min     max
0.000000 0.000000 source latency
4.537228         network latency axel_f.buffer[0][0]_sky130_fd_sc_hd__dfxtp_2_Q/CLK
        4.537228 network latency axel_f.buffer[0][0]_sky130_fd_sc_hd__dfxtp_2_Q/CLK
---------------
4.537228 4.537228 latency
        0.000000 skew



===========================================================================
report_clock_min_period
============================================================================
clk period_min = 53.00 fmax = 18.87
