
===========================================================================
 report_power
============================================================================
======================= nom_ff_n40C_1v95 Corner ===================================

Group                    Internal    Switching      Leakage        Total
                            Power        Power        Power        Power (Watts)
------------------------------------------------------------------------
Sequential           1.390109e-03 3.519198e-04 4.768388e-08 1.742077e-03   0.4%
Combinational        2.165392e-01 1.698520e-01 3.954746e-07 3.863915e-01  99.6%
Clock                0.000000e+00 0.000000e+00 0.000000e+00 0.000000e+00   0.0%
Macro                0.000000e+00 0.000000e+00 0.000000e+00 0.000000e+00   0.0%
Pad                  0.000000e+00 0.000000e+00 0.000000e+00 0.000000e+00   0.0%
------------------------------------------------------------------------
Total                2.179294e-01 1.702043e-01 4.431576e-07 3.881341e-01 100.0%
                            56.1%        43.9%         0.0%

