158. Printing statistics.

=== raster ===

   Number of wires:              80105
   Number of wire bits:          94147
   Number of public wires:         576
   Number of public wire bits:   13694
   Number of ports:                 21
   Number of port bits:            209
   Number of memories:               0
   Number of memory bits:            0
   Number of processes:              0
   Number of cells:              92528
     $_ANDNOT_                   14301
     $_AND_                       2033
     $_MUX_                      37283
     $_NAND_                       739
     $_NOR_                       4326
     $_NOT_                       1631
     $_ORNOT_                     1109
     $_OR_                        5905
     $_XNOR_                      4246
     $_XOR_                       8300
     sky130_fd_sc_hd__dfxtp_2    12655

   Area for cell type $_NOT_ is unknown!
   Area for cell type $_AND_ is unknown!
   Area for cell type $_NAND_ is unknown!
   Area for cell type $_OR_ is unknown!
   Area for cell type $_NOR_ is unknown!
   Area for cell type $_XOR_ is unknown!
   Area for cell type $_XNOR_ is unknown!
   Area for cell type $_ANDNOT_ is unknown!
   Area for cell type $_ORNOT_ is unknown!
   Area for cell type $_MUX_ is unknown!

   Chip area for module '\raster': 269176.912000
     of which used for sequential elements: 269176.912000 (100.00%)

