
===========================================================================
 report_power
============================================================================
======================= nom_ss_100C_1v60 Corner ===================================

Group                    Internal    Switching      Leakage        Total
                            Power        Power        Power        Power (Watts)
------------------------------------------------------------------------
Sequential           9.231546e-04 2.315914e-04 3.529966e-05 1.190046e-03   0.4%
Combinational        1.593798e-01 1.122449e-01 1.994952e-04 2.718243e-01  99.6%
Clock                0.000000e+00 0.000000e+00 0.000000e+00 0.000000e+00   0.0%
Macro                0.000000e+00 0.000000e+00 0.000000e+00 0.000000e+00   0.0%
Pad                  0.000000e+00 0.000000e+00 0.000000e+00 0.000000e+00   0.0%
------------------------------------------------------------------------
Total                1.603029e-01 1.124769e-01 2.347950e-04 2.730146e-01 100.0%
                            58.7%        41.2%         0.1%

