
===========================================================================
 report_power
============================================================================
======================= nom_ff_n40C_1v95 Corner ===================================

Group                    Internal    Switching      Leakage        Total
                            Power        Power        Power        Power (Watts)
------------------------------------------------------------------------
Sequential           7.722880e-04 1.955113e-04 4.768388e-08 9.678470e-04   0.4%
Combinational        1.202997e-01 9.436112e-02 3.954746e-07 2.146612e-01  99.6%
Clock                0.000000e+00 0.000000e+00 0.000000e+00 0.000000e+00   0.0%
Macro                0.000000e+00 0.000000e+00 0.000000e+00 0.000000e+00   0.0%
Pad                  0.000000e+00 0.000000e+00 0.000000e+00 0.000000e+00   0.0%
------------------------------------------------------------------------
Total                1.210721e-01 9.455639e-02 4.431576e-07 2.156289e-01 100.0%
                            56.1%        43.9%         0.0%

