
===========================================================================
 report_power
============================================================================
======================= nom_tt_025C_1v80 Corner ===================================

Group                    Internal    Switching      Leakage        Total
                            Power        Power        Power        Power (Watts)
------------------------------------------------------------------------
Sequential           6.607460e-04 1.643156e-04 2.014623e-08 8.250817e-04   0.4%
Combinational        1.082067e-01 7.949839e-02 1.461589e-07 1.877053e-01  99.6%
Clock                0.000000e+00 0.000000e+00 0.000000e+00 0.000000e+00   0.0%
Macro                0.000000e+00 0.000000e+00 0.000000e+00 0.000000e+00   0.0%
Pad                  0.000000e+00 0.000000e+00 0.000000e+00 0.000000e+00   0.0%
------------------------------------------------------------------------
Total                1.088674e-01 7.966239e-02 1.663064e-07 1.885300e-01 100.0%
                            57.7%        42.3%         0.0%

