
19. Executing PROC_DLATCH pass (convert process syncs to latches).
No latch inferred for signal `\pixel_processor.\next_state' from process `\pixel_processor.$proc$/home/asic/workspace/lab3/rtl/pixel_processor.sv:0$29'.
No latch inferred for signal `$paramod$840061bd4ad74be8ad845001360844706c07c072\axi_fifo.$fordecl_block$1.i' from process `$paramod$840061bd4ad74be8ad845001360844706c07c072\axi_fifo.$proc$/home/asic/workspace/lab3/rtl/axi_fifo.sv:0$307'.
No latch inferred for signal `$paramod$840061bd4ad74be8ad845001360844706c07c072\axi_fifo.$memwr$\buffer$/home/asic/workspace/lab3/rtl/axi_fifo.sv:30$275_EN' from process `$paramod$840061bd4ad74be8ad845001360844706c07c072\axi_fifo.$proc$/home/asic/workspace/lab3/rtl/axi_fifo.sv:0$307'.
No latch inferred for signal `$paramod$840061bd4ad74be8ad845001360844706c07c072\axi_fifo.$memwr$\buffer$/home/asic/workspace/lab3/rtl/axi_fifo.sv:30$276_EN' from process `$paramod$840061bd4ad74be8ad845001360844706c07c072\axi_fifo.$proc$/home/asic/workspace/lab3/rtl/axi_fifo.sv:0$307'.
No latch inferred for signal `$paramod$840061bd4ad74be8ad845001360844706c07c072\axi_fifo.$memwr$\buffer$/home/asic/workspace/lab3/rtl/axi_fifo.sv:30$277_EN' from process `$paramod$840061bd4ad74be8ad845001360844706c07c072\axi_fifo.$proc$/home/asic/workspace/lab3/rtl/axi_fifo.sv:0$307'.
No latch inferred for signal `$paramod$840061bd4ad74be8ad845001360844706c07c072\axi_fifo.$memwr$\buffer$/home/asic/workspace/lab3/rtl/axi_fifo.sv:30$278_EN' from process `$paramod$840061bd4ad74be8ad845001360844706c07c072\axi_fifo.$proc$/home/asic/workspace/lab3/rtl/axi_fifo.sv:0$307'.
No latch inferred for signal `$paramod$840061bd4ad74be8ad845001360844706c07c072\axi_fifo.\rdy_in' from process `$paramod$840061bd4ad74be8ad845001360844706c07c072\axi_fifo.$proc$/home/asic/workspace/lab3/rtl/axi_fifo.sv:0$280'.
No latch inferred for signal `$paramod$840061bd4ad74be8ad845001360844706c07c072\axi_fifo.\vld_out' from process `$paramod$840061bd4ad74be8ad845001360844706c07c072\axi_fifo.$proc$/home/asic/workspace/lab3/rtl/axi_fifo.sv:0$280'.
No latch inferred for signal `\tile_processor.\next_state' from process `\tile_processor.$proc$/home/asic/workspace/lab3/rtl/tile_processor.sv:0$326'.
No latch inferred for signal `\tile_processor.\temp_start' from process `\tile_processor.$proc$/home/asic/workspace/lab3/rtl/tile_processor.sv:0$326'.
No latch inferred for signal `\tile_processor.\temp_delta_0' from process `\tile_processor.$proc$/home/asic/workspace/lab3/rtl/tile_processor.sv:0$326'.
No latch inferred for signal `\tile_processor.\temp_delta_1' from process `\tile_processor.$proc$/home/asic/workspace/lab3/rtl/tile_processor.sv:0$326'.
No latch inferred for signal `\tile_processor.\temp_delta_2' from process `\tile_processor.$proc$/home/asic/workspace/lab3/rtl/tile_processor.sv:0$326'.
No latch inferred for signal `\tile_processor.\v0' from process `\tile_processor.$proc$/home/asic/workspace/lab3/rtl/tile_processor.sv:0$326'.
No latch inferred for signal `\tile_processor.\v1' from process `\tile_processor.$proc$/home/asic/workspace/lab3/rtl/tile_processor.sv:0$326'.
No latch inferred for signal `\tile_processor.\v2' from process `\tile_processor.$proc$/home/asic/workspace/lab3/rtl/tile_processor.sv:0$326'.
No latch inferred for signal `\tile_processor.\zero' from process `\tile_processor.$proc$/home/asic/workspace/lab3/rtl/tile_processor.sv:0$326'.
No latch inferred for signal `\tile_processor.\tile_to_coord$func$/home/asic/workspace/lab3/rtl/tile_processor.sv:87$313.tile_x' from process `\tile_processor.$proc$/home/asic/workspace/lab3/rtl/tile_processor.sv:0$326'.
No latch inferred for signal `\tile_processor.\tile_to_coord$func$/home/asic/workspace/lab3/rtl/tile_processor.sv:87$313.tile_y' from process `\tile_processor.$proc$/home/asic/workspace/lab3/rtl/tile_processor.sv:0$326'.
No latch inferred for signal `\tile_processor.\tile_to_coord$func$/home/asic/workspace/lab3/rtl/tile_processor.sv:87$313.out' from process `\tile_processor.$proc$/home/asic/workspace/lab3/rtl/tile_processor.sv:0$326'.
No latch inferred for signal `\tile_processor.\compute_delta$func$/home/asic/workspace/lab3/rtl/tile_processor.sv:89$314.a' from process `\tile_processor.$proc$/home/asic/workspace/lab3/rtl/tile_processor.sv:0$326'.
No latch inferred for signal `\tile_processor.\compute_delta$func$/home/asic/workspace/lab3/rtl/tile_processor.sv:89$314.b' from process `\tile_processor.$proc$/home/asic/workspace/lab3/rtl/tile_processor.sv:0$326'.
No latch inferred for signal `\tile_processor.\compute_delta$func$/home/asic/workspace/lab3/rtl/tile_processor.sv:89$314.out' from process `\tile_processor.$proc$/home/asic/workspace/lab3/rtl/tile_processor.sv:0$326'.
No latch inferred for signal `\tile_processor.\compute_delta$func$/home/asic/workspace/lab3/rtl/tile_processor.sv:90$315.a' from process `\tile_processor.$proc$/home/asic/workspace/lab3/rtl/tile_processor.sv:0$326'.
No latch inferred for signal `\tile_processor.\compute_delta$func$/home/asic/workspace/lab3/rtl/tile_processor.sv:90$315.b' from process `\tile_processor.$proc$/home/asic/workspace/lab3/rtl/tile_processor.sv:0$326'.
No latch inferred for signal `\tile_processor.\compute_delta$func$/home/asic/workspace/lab3/rtl/tile_processor.sv:90$315.out' from process `\tile_processor.$proc$/home/asic/workspace/lab3/rtl/tile_processor.sv:0$326'.
No latch inferred for signal `\tile_processor.\compute_delta$func$/home/asic/workspace/lab3/rtl/tile_processor.sv:91$316.a' from process `\tile_processor.$proc$/home/asic/workspace/lab3/rtl/tile_processor.sv:0$326'.
No latch inferred for signal `\tile_processor.\compute_delta$func$/home/asic/workspace/lab3/rtl/tile_processor.sv:91$316.b' from process `\tile_processor.$proc$/home/asic/workspace/lab3/rtl/tile_processor.sv:0$326'.
No latch inferred for signal `\tile_processor.\compute_delta$func$/home/asic/workspace/lab3/rtl/tile_processor.sv:91$316.out' from process `\tile_processor.$proc$/home/asic/workspace/lab3/rtl/tile_processor.sv:0$326'.
